// Jest Snapshot v1, https://goo.gl/fbAQLP

exports[`renders correctly 1`] = `
<div>
  <div
    className="spinner-container"
  >
    <div
      className="loading-spinner"
    />
  </div>
</div>
`;
